// Jest Snapshot v1, https://goo.gl/fbAQLP

exports[`Video Player renders matches snapshot 1`] = `
<View
  style={
    Object {
      "flex": 1,
    }
  }
>
  <View
    style={
      Object {
        "backgroundColor": "#F5FCFF",
        "flex": 1,
        "justifyContent": "flex-end",
      }
    }
  >
    <Text
      accessible={true}
      allowFontScaling={true}
      ellipsizeMode="tail"
      id="route-title"
      style={
        Object {
          "bottom": 10,
          "fontSize": 24,
          "textAlign": "center",
        }
      }
    >
      Piloot Route
    </Text>
  </View>
  <View
    style={
      Object {
        "alignItems": "center",
        "backgroundColor": "#808080",
        "flex": 3,
      }
    }
  >
    <View
      style={
        Object {
          "flex": 1,
        }
      }
    >
      <RCTWebView
        allowsInlineMediaPlayback={undefined}
        automaticallyAdjustContentInsets={undefined}
        bounces={undefined}
        contentInset={undefined}
        dataDetectorTypes={undefined}
        decelerationRate={undefined}
        injectedJavaScript={undefined}
        mediaPlaybackRequiresUserAction={undefined}
        messagingEnabled={false}
        onLoadingError={[Function]}
        onLoadingFinish={[Function]}
        onLoadingStart={[Function]}
        onMessage={[Function]}
        onShouldStartLoadWithRequest={undefined}
        scalesPageToFit={true}
        scrollEnabled={undefined}
        source={
          Object {
            "uri": "https://www.youtube.com/embed/eRQRTk9CLpo",
          }
        }
        style={
          Array [
            Object {
              "flex": 1,
            },
            Object {
              "backgroundColor": "#ffffff",
            },
            Object {
              "height": 300,
              "width": 750,
            },
          ]
        }
      />
    </View>
  </View>
</View>
`;
